Registering user 1...
Registering user 2...

User 1 starting matchmaking...
User 1 response: { error: 'Invalid or expired token' }

User 2 starting matchmaking...
User 2 response: { error: 'Invalid or expired token' }
